<!DOCTYPE html>
<html lang="en">

<head>
    <meta charset="UTF-8">
    <meta http-equiv="X-UA-Compatible" content="IE=edge">
    <meta name="Yauheni" content="width=device-width, initial-scale=1.0">
    <title>PSD</title>
    <link rel="stylesheet" href="css/style-home.css">
    <link rel="stylesheet" href="css/style-services.css">
    <link rel="stylesheet" href="css/style-portfolio.css">
    <link rel="stylesheet" href="css/style-about.css">
    <link rel="stylesheet" href="css/style-team.css">
    <link rel="stylesheet" href="css/style-contact.css">
    <link rel="stylesheet" href="css/@media-home.css">
    <link rel="stylesheet" href="css/@media-services.css">
    <link rel="stylesheet" href="css/@media-portfolio.css">
    <link rel="stylesheet" href="css/@media-about.css">
    <link rel="stylesheet" href="css/@media-team.css">
    <link rel="stylesheet" href="css/@media-contact.css">
    <link rel="stylesheet" href="css/@media-retractible-menu.css">

    <link rel="preconnect" href="https://fonts.googleapis.com">
    <link rel="preconnect" href="https://fonts.gstatic.com" crossorigin>
    <link href="https://fonts.googleapis.com/css2?family=Montserrat&family=PT+Serif&display=swap" rel="stylesheet">
    <link href="https://fonts.googleapis.com/css2?family=Montserrat:wght@600&display=swap" rel="stylesheet">
    <link href="https://fonts.googleapis.com/css2?family=Montserrat:wght@900&display=swap" rel="stylesheet">
    <link href="https://fonts.googleapis.com/css2?family=Montserrat:wght@700&display=swap" rel="stylesheet">
    <link href="https://fonts.googleapis.com/css2?family=Montserrat:wght@800&display=swap" rel="stylesheet">
    <link rel="preconnect" href="https://fonts.googleapis.com">
    <link
        href="https://fonts.googleapis.com/css2?family=Montserrat:wght@800&family=Roboto+Slab:wght@100;200;300;400;600;700;800;900&display=swap"
        rel="stylesheet">
</head>

<body>

    <div class="container-home">

        <header class="header">

            <div class="logo">Golden</div>

            <nav class="nav">

                <ul>
                    <li><a href="#item-main">home</a></li>
                    <li><a href="#item-services">servises</a></li>
                    <li><a href="#item-portfolio">portfolio</a></li>
                    <li><a href="#item-about">about</a></li>
                    <li><a href="#item-contact">contact</a></li>
                </ul>

            </nav>

        </header>

        <div class="backlighting-home"></div>

        <section class="main" id="item-main">

            <div class="tagline">welcome to our Studio</div>
            <div class="welcome">it's nice to meet you</div>
            <div class="button">
                <button type="button"><a href="#item-team">tell me more</a></button>
            </div>

        </section>

    </div>

    <div class="container-services" id="item-services">

        <section class="header-fixed">

            <div class="logo">Golden</div>

            <nav class="nav">

                <ul>
                    <li><a href="#item-main">home</a></li>
                    <li><a href="#item-services">servises</a></li>
                    <li><a href="#item-portfolio">portfolio</a></li>
                    <li><a href="#item-about">about</a></li>
                    <li><a href="#item-contact">contact</a></li>
                </ul>

            </nav>
 
            <input type="checkbox" id="check">

            <div class="retractible-menu-icon">
                <span></span>                                                                       
                <span></span>
                <span></span>   
            </div>

            <div class="retractible-menu">
                <a href="#item-main">home</a>
                <a href="#item-services">services</a>
                <a href="#item-portfolio">portfolio</a>
                <a href="#item-about">about</a>
                <a href="#item-contact">contact</a>
            </div>

        </section>

        <div class="backlighting-services"></div>

        <header class="header-services">
            <div class="logo-services">Services</div>
            <div class="logo-subtitle">Proin iaculis purus consequat sem cure.</div>
        </header>

        <section class="main-services">

            <div class="item-main">
                <div class="image-cicle-1"><img src="images/Circle-1.png" alt="cicle"></div>
                <div class="image-basket"><img src="images/Basket.png" alt="basket"></div>
                <div class="commerce">e-commerce</div>
                <div class="description">Proin iaculis purus consequat sem cure
                    digni ssim. Donec porttitora entum suscipit
                    aenean rhoncus posuere odio in tincidunt.</div>
            </div>

            <div class="item-main">
                <div class="image-cicle-1"><img src="images/Circle-1.png" alt="cicle"></div>
                <div class="image-basket"><img src="images/Laptop.png" alt="basket"></div>
                <div class="responsive">responsive web</div>
                <div class="description">Proin iaculis purus consequat sem cure
                    digni ssim. Donec porttitora entum suscipit
                    aenean rhoncus posuere odio in tincidunt.</div>
            </div>

            <div class="item-main">
                <div class="image-cicle-1"><img src="images/Circle-1.png" alt="cicle"></div>
                <div class="image-lock"><img src="images/Icon-Locked.png" alt="basket"></div>
                <div class="security">web security</div>
                <div class="description">Proin iaculis purus consequat sem cure
                    digni ssim. Donec porttitora entum suscipit
                    aenean rhoncus posuere odio in tincidunt.</div>
            </div>

        </section>

    </div>

    <div class="container-portfolio" id="item-portfolio">

        <section class="header-fixed">

            <div class="logo">Golden</div>

            <nav class="nav">

                <ul>
                    <li><a href="#item-main">home</a></li>
                    <li><a href="#item-services">servises</a></li>
                    <li><a href="#item-portfolio">portfolio</a></li>
                    <li><a href="#item-about">about</a></li>
                    <li><a href="#item-contact">contact</a></li>
                </ul>

            </nav>

        </section>

        <div class="backlighting-portfolio"></div>

        <header class="header-portfolio">
            <div class="logo-portfolio">our portfolio</div>
            <div class="logo-subtitle">Proin iaculis purus consequat sem cure.</div>
        </header>

        <section class="main-portfolio">

            <div class="picture">
                <div class="item-picture"><img src="images/image1.png" alt=""></div>
                <div class="item-name">Ebony & Ivory</div>
                <div class="item-brand">Branding</div>
            </div>
            <div class="picture">
                <div class="item-picture"><img src="images/image2.png" alt=""></div>
                <div class="item-name">Smart Stationary</div>
                <div class="item-brand">Print Design</div>
            </div>
            <div class="picture">
                <div class="item-picture"><img src="images/image3.png" alt=""></div>
                <div class="item-name">Clever Poster</div>
                <div class="item-brand">Print Design</div>
            </div>
            <div class="picture">
                <div class="item-picture"><img src="images/image4.png" alt=""></div>
                <div class="item-name">Vinyl Record</div>
                <div class="item-brand">Product Mock-Up</div>
            </div>
            <div class="picture">
                <div class="item-picture"><img src="images/image5.png" alt=""></div>
                <div class="item-name">Treehouse Template</div>
                <div class="item-brand">Web Design</div>
            </div>
            <div class="picture">
                <div class="item-picture"><img src="images/image6.png" alt=""></div>
                <div class="item-name">Burned Logo</div>
                <div class="item-brand">Branding</div>
            </div>

        </section>

    </div>

    <div class="container-about" id="item-about">

        <section class="header-fixed">

            <div class="logo">Golden</div>

            <nav class="nav">

                <ul>
                    <li><a href="#item-main">home</a></li>
                    <li><a href="#item-services">servises</a></li>
                    <li><a href="#item-portfolio">portfolio</a></li>
                    <li><a href="#item-about">about</a></li>
                    <li><a href="#item-contact">contact</a></li>
                </ul>

            </nav>

        </section>

        <div class="backlighting-about"></div>

        <header class="header-about">

            <div class="logo-about">about us</div>
            <div class="logo-subtitle">Proin iaculis purus consequat sem cure.</div>

        </header>

        <section class="main-about">


            <div class="name-left">
                <div class="item-title"><span>July 2010</span> <br />
                    Our Humble Beginnings</div>
                <div class="item-description">Proin iaculis purus consequat sem cure
                    digni ssim. Donec porttitora entum suscipit
                    aenean rhoncus posuere odio in tincidunt. Proin
                    iaculis purus consequat sem cure digni
                    ssim. Donec porttitora entum suscipit.</div>
                <div class="item-title"><span>December 2012</span> <br />
                    Enter The Dark Days</div>
                <div class="item-description">Proin iaculis purus consequat sem cure
                    digni ssim. Donec porttitora entum suscipit
                    aenean rhoncus posuere odio in tincidunt. Proin
                    iaculis purus consequat sem cure digni.</div>
            </div>

            <div class="item-picture">
                <span class="line-picture"></span>
                <img src="images/about-image1.png" alt="image1">
                <img src="images/about-image2.png" alt="image2">
                <img src="images/about-image3.png" alt="image3">
                <img src="images/about-image4.png" alt="image4">
                <img src="images/about-image5.png" alt="image5">
                <div class="story">Our <br />
                    Story <br />
                    Continues <br />
                    ...</div>
            </div>

            <div class="name-right">
                <div class="item-title"><span>January 2011</span> <br />
                    Facing Startup Battles</div>
                <div class="item-description">Proin iaculis purus consequat sem cure
                    digni ssim. Donec porttitora entum suscipit
                    aenean rhoncus posuere odio in tincidunt. Proin
                    iaculis purus consequat sem cure digni
                    ssim. Donec porttitora entum suscipit aenean
                    rhoncus posuere odio in tincidunt.</div>
                <div class="item-title"><span>february 2014</span> <br />
                    Our Triumph</div>
                <div class="item-description">Proin iaculis purus consequat sem cure
                    digni ssim. Donec porttitora entum suscipit
                    aenean rhoncus posuere odio in tincidunt. Proin
                    iaculis purus consequat sem cure digni
                    ssim. Donec porttitora entum suscipit aenean.</div>
            </div>


        </section>

    </div>

    <div class="container-team" id="item-team">

        <section class="header-fixed">

            <div class="logo">Golden</div>

            <nav class="nav">

                <ul>
                    <li><a href="#item-main">home</a></li>
                    <li><a href="#item-services">servises</a></li>
                    <li><a href="#item-portfolio">portfolio</a></li>
                    <li><a href="#item-about">about</a></li>
                    <li><a href="#item-contact">contact</a></li>
                </ul>

            </nav>

        </section>

        <div class="backlighting-team"></div>

        <header class="header-team">

            <div class="logo-team">our amazing team</div>
            <div class="logo-subtitle">Proin iaculis purus consequat sem cure.</div>

        </header>

        <section class="main-team">

            <div class="item-photo">
                <img src="images/team-image1.png" alt="image1">
                <img src="images/team-image1.png" alt="image1">
                <img src="images/team-image1.png" alt="image1">
            </div>
            <div class="item-name">
                <span>Kimberly Thompson</span>
                <span>Rico Massimo</span>
                <span> Uku Mason</span>
            </div>
            <div class="item-name-title">
                <span>Marketer</span>
                <span>Coder</span>
                <span>Graphic Designer</span>
            </div>
            <div class="global-social">
                <div class="global-social1">
                    <div class="item-social">
                        <div class="item-twbg">
                            <a href="#"><img src="images/Twitter Background.png" alt="twbg"></a>
                        </div>
                        <div class="item-tw">
                            <a href="#"><img src="images/Twitter.png" alt="tw"></a>
                        </div>
                        <div class="item-fcbg">
                            <a href="#"><img src="images/Facebook Background.png" alt="fcbg"></a>
                        </div>
                        <div class="item-fc">
                            <a href="#"><img src="images/Facebook.png" alt="fc"></a>
                        </div>
                        <div class="item-prbg">
                            <a href="#"><img src="images/Pinterest Background.png" alt="prbg"></a>
                        </div>
                        <div class="item-pr">
                            <a href="#"><img src="images/Pinterest.png" alt="pr"></a>
                        </div>
                    </div>
                </div>
                <div class="global-social2">
                    <div class="item-social">
                        <div class="item-twbg">
                            <a href="#"><img src="images/Twitter Background.png" alt="twbg"></a>
                        </div>
                        <div class="item-tw">
                            <a href="#"><img src="images/Twitter.png" alt="tw"></a>
                        </div>
                        <div class="item-fcbg">
                            <a href="#"><img src="images/Facebook Background.png" alt="fcbg"></a>
                        </div>
                        <div class="item-fc">
                            <a href="#"><img src="images/Facebook.png" alt="fc"></a>
                        </div>
                        <div class="item-prbg">
                            <a href="#"><img src="images/Pinterest Background.png" alt="prbg"></a>
                        </div>
                        <div class="item-pr">
                            <a href="#"><img src="images/Pinterest.png" alt="pr"></a>
                        </div>
                    </div>
                </div>
                <div class="global-social3">
                    <div class="item-social">
                        <div class="item-twbg">
                            <a href="#"><img src="images/Twitter Background.png" alt="twbg"></a>
                        </div>
                        <div class="item-tw">
                            <a href="#"><img src="images/Twitter.png" alt="tw"></a>
                        </div>
                        <div class="item-fcbg">
                            <a href="#"><img src="images/Facebook Background.png" alt="fcbg"></a>
                        </div>
                        <div class="item-fc">
                            <a href="#"><img src="images/Facebook.png" alt="fc"></a>
                        </div>
                        <div class="item-prbg">
                            <a href="#"><img src="images/Pinterest Background.png" alt="prbg"></a>
                        </div>
                        <div class="item-pr">
                            <a href="#"><img src="images/Pinterest.png" alt="pr"></a>
                        </div>
                    </div>
                </div>
            </div>
            <div class="item-description">
                Proin iaculis purus consequat sem cure digni ssim donec porttitora entum suscipit <br />
                aenean rhoncus posuere odio in tincidunt proin iaculis.
            </div>
            <div class="item-logos">
                <div class="evanto"><img src="images/Envato.png" alt="image"></div>
                <img src="images/WordPress.png" alt="image">
                <img src="images/Tuts+.png" alt="image">
                <img src="images/Microlancer copy.png" alt="image">
            </div>

        </section>

    </div>

    <div class="container-contact" id="item-contact">

        <section class="header-fixed">

            <div class="logo">Golden</div>

            <nav class="nav">

                <ul>
                    <li><a href="#item-main">home</a></li>
                    <li><a href="#item-services">servises</a></li>
                    <li><a href="#item-portfolio">portfolio</a></li>
                    <li><a href="#item-about">about</a></li>
                    <li><a href="#item-contact">contact</a></li>
                </ul>

            </nav>

        </section>

        <div class="backlighting-contact"></div>

        <header class="header-contact">

            <div class="logo-contact">contact us</div>
            <div class="logo-subtitle">Proin iaculis purus consequat sem cure.</div>

        </header>

        <div class="bi-map">
            <section class="main-contact">

                <form class="item-data">
                    <input type="text" class="item-letter" placeholder=" YOUR NAME*" required>
                    <input type="text" class="item-letter" placeholder=" YOUR E-MAIL*" required>
                    <input type="text" class="item-letter" placeholder=" SUBJECT">
                    <textarea name="n-message" id="message-id" placeholder=" YOUR MESSAGE*"></textarea>
                    <button type="submit" class="item-button">send message</button>
                </form>

            </section>

        </div>

        <footer class="footer-contact">

            <div class="copyright">© Copyright 2014 FreebiesXpress.com</div>

            <div class="item-social">
                <a href="#" class="social tw"></a>
                <a href="#" class="social fc"></a>
                <a href="#" class="social p"></a>
                <a href="#" class="social g"></a>
            </div>
        </footer>

    </div>

</body>

</html>